// Jest Snapshot v1, https://goo.gl/fbAQLP

exports[`Modal renders 1`] = `
<Dropdown
  approxContentHeight={320}
  approxContentWidth={240}
  container={
    <div
      id="--uikit-modal-container--"
    />
  }
  isOpen={true}
  onOpen={[Function]}
  trigger={
    <button>
      Trigger
    </button>
  }
  useClickAway={false}
>
  <div
    className="modal"
  >
    <div
      className="backdrop"
      onClick={[Function]}
    />
    <div
      className="body"
    >
      <div
        className="content"
      >
        <div
          className="wrapper"
        >
          <h1>
            Title
          </h1>
          <span>
            Some
          </span>
          <p>
            Text
          </p>
          <div
            className="actions"
          >
            <button>
              Action
            </button>
          </div>
        </div>
      </div>
      <Button
        className="close"
        disabled={false}
        icon="times"
        onClick={[Function]}
        title="close"
        type="link"
      />
    </div>
  </div>
</Dropdown>
`;
