// Jest Snapshot v1, https://goo.gl/fbAQLP

exports[`render should render a day 1`] = `
<div
  aria-hidden={false}
  className="day"
  onMouseDown={[Function]}
  onMouseEnter={[Function]}
  onMouseLeave={[Function]}
  onTouchEnd={[Function]}
  onTouchMove={[Function]}
  onTouchStart={[Function]}
  title="Tue Jul 10 2018"
>
  10
</div>
`;

exports[`render should render a focused/disabled/selected day 1`] = `
<div
  aria-hidden={false}
  className="day focused selected"
  disabled={true}
  onMouseDown={[Function]}
  onMouseEnter={[Function]}
  onMouseLeave={[Function]}
  onTouchEnd={[Function]}
  onTouchMove={[Function]}
  onTouchStart={[Function]}
  title="Tue Jul 10 2018"
>
  10
</div>
`;

exports[`render should render a selection start/end day 1`] = `
<div
  aria-hidden={false}
  className="day selected start end"
  onMouseDown={[Function]}
  onMouseEnter={[Function]}
  onMouseLeave={[Function]}
  onTouchEnd={[Function]}
  onTouchMove={[Function]}
  onTouchStart={[Function]}
  title="Tue Jul 10 2018"
>
  10
</div>
`;

exports[`render should render empty day 1`] = `
<div
  aria-hidden={true}
  className="day empty"
  onMouseDown={[Function]}
  onMouseEnter={[Function]}
  onMouseLeave={[Function]}
  onTouchEnd={[Function]}
  onTouchMove={[Function]}
  onTouchStart={[Function]}
  title={null}
>
  0
</div>
`;
