// Jest Snapshot v1, https://goo.gl/fbAQLP

exports[`render should render 1`] = `
<div
  className="month"
>
  <div
    className="header"
  >
    <div
      className="day-header"
      key="Sunday"
      title="Sunday"
    >
      S
    </div>
    <div
      className="day-header"
      key="Monday"
      title="Monday"
    >
      M
    </div>
    <div
      className="day-header"
      key="Tuesday"
      title="Tuesday"
    >
      T
    </div>
    <div
      className="day-header"
      key="Wednesday"
      title="Wednesday"
    >
      W
    </div>
    <div
      className="day-header"
      key="Thursday"
      title="Thursday"
    >
      T
    </div>
    <div
      className="day-header"
      key="Friday"
      title="Friday"
    >
      F
    </div>
    <div
      className="day-header"
      key="Saturday"
      title="Saturday"
    >
      S
    </div>
  </div>
  <div
    className="days"
  >
    <Day
      disabled={false}
      key="pre-0"
      onFocus={[Function]}
      selected={false}
    />
    <Day
      disabled={false}
      key="pre-1"
      onFocus={[Function]}
      selected={false}
    />
    <Day
      day={1}
      disabled={false}
      focused={false}
      isSelectionEnd={false}
      isSelectionStart={false}
      key="day-2018-4-1"
      month={4}
      onFocus={[Function]}
      onSelect={[Function]}
      selected={false}
      year={2018}
    />
    <Day
      day={2}
      disabled={false}
      focused={false}
      isSelectionEnd={false}
      isSelectionStart={false}
      key="day-2018-4-2"
      month={4}
      onFocus={[Function]}
      onSelect={[Function]}
      selected={false}
      year={2018}
    />
    <Day
      day={3}
      disabled={false}
      focused={false}
      isSelectionEnd={false}
      isSelectionStart={false}
      key="day-2018-4-3"
      month={4}
      onFocus={[Function]}
      onSelect={[Function]}
      selected={false}
      year={2018}
    />
    <Day
      day={4}
      disabled={false}
      focused={false}
      isSelectionEnd={false}
      isSelectionStart={false}
      key="day-2018-4-4"
      month={4}
      onFocus={[Function]}
      onSelect={[Function]}
      selected={false}
      year={2018}
    />
    <Day
      day={5}
      disabled={false}
      focused={false}
      isSelectionEnd={false}
      isSelectionStart={false}
      key="day-2018-4-5"
      month={4}
      onFocus={[Function]}
      onSelect={[Function]}
      selected={false}
      year={2018}
    />
    <Day
      day={6}
      disabled={false}
      focused={false}
      isSelectionEnd={false}
      isSelectionStart={false}
      key="day-2018-4-6"
      month={4}
      onFocus={[Function]}
      onSelect={[Function]}
      selected={false}
      year={2018}
    />
    <Day
      day={7}
      disabled={false}
      focused={false}
      isSelectionEnd={false}
      isSelectionStart={false}
      key="day-2018-4-7"
      month={4}
      onFocus={[Function]}
      onSelect={[Function]}
      selected={false}
      year={2018}
    />
    <Day
      day={8}
      disabled={false}
      focused={false}
      isSelectionEnd={false}
      isSelectionStart={false}
      key="day-2018-4-8"
      month={4}
      onFocus={[Function]}
      onSelect={[Function]}
      selected={false}
      year={2018}
    />
    <Day
      day={9}
      disabled={false}
      focused={false}
      isSelectionEnd={false}
      isSelectionStart={false}
      key="day-2018-4-9"
      month={4}
      onFocus={[Function]}
      onSelect={[Function]}
      selected={false}
      year={2018}
    />
    <Day
      day={10}
      disabled={false}
      focused={false}
      isSelectionEnd={false}
      isSelectionStart={false}
      key="day-2018-4-10"
      month={4}
      onFocus={[Function]}
      onSelect={[Function]}
      selected={false}
      year={2018}
    />
    <Day
      day={11}
      disabled={false}
      focused={false}
      isSelectionEnd={false}
      isSelectionStart={false}
      key="day-2018-4-11"
      month={4}
      onFocus={[Function]}
      onSelect={[Function]}
      selected={false}
      year={2018}
    />
    <Day
      day={12}
      disabled={false}
      focused={false}
      isSelectionEnd={false}
      isSelectionStart={false}
      key="day-2018-4-12"
      month={4}
      onFocus={[Function]}
      onSelect={[Function]}
      selected={false}
      year={2018}
    />
    <Day
      day={13}
      disabled={false}
      focused={false}
      isSelectionEnd={false}
      isSelectionStart={false}
      key="day-2018-4-13"
      month={4}
      onFocus={[Function]}
      onSelect={[Function]}
      selected={false}
      year={2018}
    />
    <Day
      day={14}
      disabled={false}
      focused={false}
      isSelectionEnd={false}
      isSelectionStart={false}
      key="day-2018-4-14"
      month={4}
      onFocus={[Function]}
      onSelect={[Function]}
      selected={false}
      year={2018}
    />
    <Day
      day={15}
      disabled={false}
      focused={false}
      isSelectionEnd={false}
      isSelectionStart={false}
      key="day-2018-4-15"
      month={4}
      onFocus={[Function]}
      onSelect={[Function]}
      selected={false}
      year={2018}
    />
    <Day
      day={16}
      disabled={false}
      focused={false}
      isSelectionEnd={false}
      isSelectionStart={false}
      key="day-2018-4-16"
      month={4}
      onFocus={[Function]}
      onSelect={[Function]}
      selected={false}
      year={2018}
    />
    <Day
      day={17}
      disabled={false}
      focused={false}
      isSelectionEnd={false}
      isSelectionStart={false}
      key="day-2018-4-17"
      month={4}
      onFocus={[Function]}
      onSelect={[Function]}
      selected={false}
      year={2018}
    />
    <Day
      day={18}
      disabled={false}
      focused={false}
      isSelectionEnd={false}
      isSelectionStart={false}
      key="day-2018-4-18"
      month={4}
      onFocus={[Function]}
      onSelect={[Function]}
      selected={false}
      year={2018}
    />
    <Day
      day={19}
      disabled={false}
      focused={false}
      isSelectionEnd={false}
      isSelectionStart={false}
      key="day-2018-4-19"
      month={4}
      onFocus={[Function]}
      onSelect={[Function]}
      selected={false}
      year={2018}
    />
    <Day
      day={20}
      disabled={false}
      focused={false}
      isSelectionEnd={false}
      isSelectionStart={false}
      key="day-2018-4-20"
      month={4}
      onFocus={[Function]}
      onSelect={[Function]}
      selected={false}
      year={2018}
    />
    <Day
      day={21}
      disabled={false}
      focused={false}
      isSelectionEnd={false}
      isSelectionStart={false}
      key="day-2018-4-21"
      month={4}
      onFocus={[Function]}
      onSelect={[Function]}
      selected={false}
      year={2018}
    />
    <Day
      day={22}
      disabled={false}
      focused={false}
      isSelectionEnd={false}
      isSelectionStart={false}
      key="day-2018-4-22"
      month={4}
      onFocus={[Function]}
      onSelect={[Function]}
      selected={false}
      year={2018}
    />
    <Day
      day={23}
      disabled={false}
      focused={false}
      isSelectionEnd={false}
      isSelectionStart={false}
      key="day-2018-4-23"
      month={4}
      onFocus={[Function]}
      onSelect={[Function]}
      selected={false}
      year={2018}
    />
    <Day
      day={24}
      disabled={false}
      focused={false}
      isSelectionEnd={false}
      isSelectionStart={false}
      key="day-2018-4-24"
      month={4}
      onFocus={[Function]}
      onSelect={[Function]}
      selected={false}
      year={2018}
    />
    <Day
      day={25}
      disabled={false}
      focused={false}
      isSelectionEnd={false}
      isSelectionStart={false}
      key="day-2018-4-25"
      month={4}
      onFocus={[Function]}
      onSelect={[Function]}
      selected={false}
      year={2018}
    />
    <Day
      day={26}
      disabled={false}
      focused={false}
      isSelectionEnd={false}
      isSelectionStart={false}
      key="day-2018-4-26"
      month={4}
      onFocus={[Function]}
      onSelect={[Function]}
      selected={false}
      year={2018}
    />
    <Day
      day={27}
      disabled={false}
      focused={false}
      isSelectionEnd={false}
      isSelectionStart={false}
      key="day-2018-4-27"
      month={4}
      onFocus={[Function]}
      onSelect={[Function]}
      selected={false}
      year={2018}
    />
    <Day
      day={28}
      disabled={false}
      focused={false}
      isSelectionEnd={false}
      isSelectionStart={false}
      key="day-2018-4-28"
      month={4}
      onFocus={[Function]}
      onSelect={[Function]}
      selected={false}
      year={2018}
    />
    <Day
      day={29}
      disabled={false}
      focused={false}
      isSelectionEnd={false}
      isSelectionStart={false}
      key="day-2018-4-29"
      month={4}
      onFocus={[Function]}
      onSelect={[Function]}
      selected={false}
      year={2018}
    />
    <Day
      day={30}
      disabled={false}
      focused={false}
      isSelectionEnd={false}
      isSelectionStart={false}
      key="day-2018-4-30"
      month={4}
      onFocus={[Function]}
      onSelect={[Function]}
      selected={false}
      year={2018}
    />
    <Day
      day={31}
      disabled={false}
      focused={false}
      isSelectionEnd={false}
      isSelectionStart={false}
      key="day-2018-4-31"
      month={4}
      onFocus={[Function]}
      onSelect={[Function]}
      selected={false}
      year={2018}
    />
    <Day
      disabled={false}
      key="post5"
      onFocus={[Function]}
      selected={false}
    />
    <Day
      disabled={false}
      key="post6"
      onFocus={[Function]}
      selected={false}
    />
  </div>
</div>
`;
