// Jest Snapshot v1, https://goo.gl/fbAQLP

exports[`render should render 1`] = `
<div
  title="month"
>
  <select
    onChange={[Function]}
    value={5}
  >
    <option
      key="Jan"
      value={0}
    >
      Jan
    </option>
    <option
      key="Feb"
      value={1}
    >
      Feb
    </option>
    <option
      key="Mar"
      value={2}
    >
      Mar
    </option>
    <option
      key="Apr"
      value={3}
    >
      Apr
    </option>
    <option
      key="May"
      value={4}
    >
      May
    </option>
    <option
      key="Jun"
      value={5}
    >
      Jun
    </option>
    <option
      key="Jul"
      value={6}
    >
      Jul
    </option>
    <option
      key="Aug"
      value={7}
    >
      Aug
    </option>
    <option
      key="Sep"
      value={8}
    >
      Sep
    </option>
    <option
      key="Oct"
      value={9}
    >
      Oct
    </option>
    <option
      key="Nov"
      value={10}
    >
      Nov
    </option>
    <option
      key="Dec"
      value={11}
    >
      Dec
    </option>
  </select>
</div>
`;
