// Jest Snapshot v1, https://goo.gl/fbAQLP

exports[`Image renders 1`] = `
<div
  className="image-container"
>
  <img
    key="image"
    src="data:image/gif;base64,R0lGODlhAQABAIAAAP///wAAACH5BAEAAAAALAAAAAABAAEAAAICRAEAOw=="
    width="100px"
  />
</div>
`;
