// Jest Snapshot v1, https://goo.gl/fbAQLP

exports[`Alert renders 1`] = `
<div
  className="alert error"
>
  <Icon
    className="icon legend"
    name="caution"
  />
  <div
    className="content"
  >
    Alert
  </div>
</div>
`;
